Using cache directory: cache/50pct
[M5-PREP] Building item-store panel from raw CSV tables...
[M5-PREP] Applying reproducible store-SKU sampling (frac=0.5000, seed=42)...
[M5-PREP] Store-SKU sampling kept 15245/30490 units (50.00%); panel rows=29590545 | stage 00:29 | total 00:29
[M5-PREP] Built and cached panel with shape=(29590545, 26) | stage 02:54 | total 02:54
[M5-PREP] Building fast task arrays for task=store_dept...
[M5-PREP] task=store_dept aggregate tensor build: 1/70 (  1.4%) | elapsed 00:23 | ETA 26:01
[M5-PREP] task=store_dept aggregate tensor build: 70/70 (100.0%) | elapsed 00:28 | ETA 00:00
[M5-PREP] Fast task arrays ready for task=store_dept with 70 aggregates | stage 00:28 | total 00:28
[M5-PREP] task=store_dept split=final_train_samples started...
[M5-PREP] task=store_dept split=final_train_samples: 4060/4060 (100.0%) | elapsed 00:01 | ETA 00:00
[M5-PREP] task=store_dept split=final_train_samples finished with 4060 samples | stage 00:01 | total 00:01
[M5-PREP] task=store_dept split=internal_valid_samples started...
[M5-PREP] task=store_dept split=internal_valid_samples: 210/210 (100.0%) | elapsed 00:00 | ETA 00:00
[M5-PREP] task=store_dept split=internal_valid_samples finished with 210 samples | stage 00:00 | total 00:00
[M5-PREP] task=store_dept split=test_samples started...
[M5-PREP] task=store_dept split=test_samples: 280/280 (100.0%) | elapsed 00:00 | ETA 00:00
[M5-PREP] task=store_dept split=test_samples finished with 280 samples | stage 00:00 | total 00:00
[M5-PREP] Loading cached item-store panel...
[M5-PREP] Loaded cached panel with shape=(29590545, 26) | stage 00:18 | total 00:18
[M5-PREP] Building fast task arrays for task=store_cat...
[M5-PREP] task=store_cat aggregate tensor build: 1/30 (  3.3%) | elapsed 00:23 | ETA 10:55
[M5-PREP] task=store_cat aggregate tensor build: 30/30 (100.0%) | elapsed 00:27 | ETA 00:00
[M5-PREP] Fast task arrays ready for task=store_cat with 30 aggregates | stage 00:27 | total 00:27
[M5-PREP] task=store_cat split=final_train_samples started...
[M5-PREP] task=store_cat split=final_train_samples: 1740/1740 (100.0%) | elapsed 00:01 | ETA 00:00
[M5-PREP] task=store_cat split=final_train_samples finished with 1740 samples | stage 00:01 | total 00:01
[M5-PREP] task=store_cat split=internal_valid_samples started...
[M5-PREP] task=store_cat split=internal_valid_samples: 90/90 (100.0%) | elapsed 00:00 | ETA 00:00
[M5-PREP] task=store_cat split=internal_valid_samples finished with 90 samples | stage 00:00 | total 00:00
[M5-PREP] task=store_cat split=test_samples started...
[M5-PREP] task=store_cat split=test_samples: 120/120 (100.0%) | elapsed 00:00 | ETA 00:00
[M5-PREP] task=store_cat split=test_samples finished with 120 samples | stage 00:00 | total 00:00
[M5-PREP] Loading cached item-store panel...
[M5-PREP] Loaded cached panel with shape=(29590545, 26) | stage 00:18 | total 00:18
[M5-PREP] Building fast task arrays for task=state_dept...
[M5-PREP] task=state_dept aggregate tensor build: 1/21 (  4.8%) | elapsed 00:24 | ETA 07:59
[M5-PREP] task=state_dept aggregate tensor build: 21/21 (100.0%) | elapsed 00:29 | ETA 00:00
[M5-PREP] Fast task arrays ready for task=state_dept with 21 aggregates | stage 00:29 | total 00:29
[M5-PREP] task=state_dept split=final_train_samples started...
[M5-PREP] task=state_dept split=final_train_samples: 1218/1218 (100.0%) | elapsed 00:01 | ETA 00:00
[M5-PREP] task=state_dept split=final_train_samples finished with 1218 samples | stage 00:01 | total 00:01
[M5-PREP] task=state_dept split=internal_valid_samples started...
[M5-PREP] task=state_dept split=internal_valid_samples: 63/63 (100.0%) | elapsed 00:00 | ETA 00:00
[M5-PREP] task=state_dept split=internal_valid_samples finished with 63 samples | stage 00:00 | total 00:00
[M5-PREP] task=state_dept split=test_samples started...
[M5-PREP] task=state_dept split=test_samples: 84/84 (100.0%) | elapsed 00:00 | ETA 00:00
[M5-PREP] task=state_dept split=test_samples finished with 84 samples | stage 00:00 | total 00:00
====================================================================================================
M5 EXPERIMENT SUMMARY
====================================================================================================

Task: store_dept
  # aggregate units: 70
  # child sku ids:    15245
  # time points:      1941
  sampled store-SKUs: frac=0.5 seed=42
  hist features:      ['sell_price', 'price_change_ratio', 'snap_flag', 'event_flag', 'wday', 'month']
  future features:    ['sell_price', 'price_change_ratio', 'snap_flag', 'event_flag', 'wday', 'month']
  final train samples: 4060
  internal valid samples: 210
  test samples: 280

Task: store_cat
  # aggregate units: 30
  # child sku ids:    15245
  # time points:      1941
  sampled store-SKUs: frac=0.5 seed=42
  hist features:      ['sell_price', 'price_change_ratio', 'snap_flag', 'event_flag', 'wday', 'month']
  future features:    ['sell_price', 'price_change_ratio', 'snap_flag', 'event_flag', 'wday', 'month']
  final train samples: 1740
  internal valid samples: 90
  test samples: 120

Task: state_dept
  # aggregate units: 21
  # child sku ids:    15245
  # time points:      1941
  sampled store-SKUs: frac=0.5 seed=42
  hist features:      ['sell_price', 'price_change_ratio', 'snap_flag', 'event_flag', 'wday', 'month']
  future features:    ['sell_price', 'price_change_ratio', 'snap_flag', 'event_flag', 'wday', 'month']
  final train samples: 1218
  internal valid samples: 63
  test samples: 84

Cache ready at: cache/50pct
