Using cache directory: cache/100pct
[M5-PREP] Building item-store panel from raw CSV tables...
[M5-PREP] Built and cached panel with shape=(59181090, 26) | stage 03:18 | total 03:18
[M5-PREP] Building fast task arrays for task=store_dept...
[M5-PREP] task=store_dept aggregate tensor build: 1/70 (  1.4%) | elapsed 01:03 | ETA 1:12:12
[M5-PREP] task=store_dept aggregate tensor build: 35/70 ( 50.0%) | elapsed 01:08 | ETA 01:08
[M5-PREP] task=store_dept aggregate tensor build: 69/70 ( 98.6%) | elapsed 01:13 | ETA 00:01
[M5-PREP] task=store_dept aggregate tensor build: 70/70 (100.0%) | elapsed 01:13 | ETA 00:00
[M5-PREP] Fast task arrays ready for task=store_dept with 70 aggregates | stage 01:13 | total 01:13
[M5-PREP] task=store_dept split=final_train_samples started...
[M5-PREP] task=store_dept split=final_train_samples: 4060/4060 (100.0%) | elapsed 00:02 | ETA 00:00
[M5-PREP] task=store_dept split=final_train_samples finished with 4060 samples | stage 00:02 | total 00:02
[M5-PREP] task=store_dept split=internal_valid_samples started...
[M5-PREP] task=store_dept split=internal_valid_samples: 210/210 (100.0%) | elapsed 00:00 | ETA 00:00
[M5-PREP] task=store_dept split=internal_valid_samples finished with 210 samples | stage 00:00 | total 00:00
[M5-PREP] task=store_dept split=test_samples started...
[M5-PREP] task=store_dept split=test_samples: 280/280 (100.0%) | elapsed 00:00 | ETA 00:00
[M5-PREP] task=store_dept split=test_samples finished with 280 samples | stage 00:00 | total 00:00
[M5-PREP] Loading cached item-store panel...
[M5-PREP] Loaded cached panel with shape=(59181090, 26) | stage 00:41 | total 00:41
[M5-PREP] Building fast task arrays for task=store_cat...
[M5-PREP] task=store_cat aggregate tensor build: 1/30 (  3.3%) | elapsed 01:02 | ETA 30:02
[M5-PREP] task=store_cat aggregate tensor build: 16/30 ( 53.3%) | elapsed 01:07 | ETA 00:59
[M5-PREP] task=store_cat aggregate tensor build: 30/30 (100.0%) | elapsed 01:12 | ETA 00:00
[M5-PREP] Fast task arrays ready for task=store_cat with 30 aggregates | stage 01:12 | total 01:12
[M5-PREP] task=store_cat split=final_train_samples started...
[M5-PREP] task=store_cat split=final_train_samples: 1740/1740 (100.0%) | elapsed 00:02 | ETA 00:00
[M5-PREP] task=store_cat split=final_train_samples finished with 1740 samples | stage 00:02 | total 00:02
[M5-PREP] task=store_cat split=internal_valid_samples started...
[M5-PREP] task=store_cat split=internal_valid_samples: 90/90 (100.0%) | elapsed 00:00 | ETA 00:00
[M5-PREP] task=store_cat split=internal_valid_samples finished with 90 samples | stage 00:00 | total 00:00
[M5-PREP] task=store_cat split=test_samples started...
[M5-PREP] task=store_cat split=test_samples: 120/120 (100.0%) | elapsed 00:00 | ETA 00:00
[M5-PREP] task=store_cat split=test_samples finished with 120 samples | stage 00:00 | total 00:00
[M5-PREP] Loading cached item-store panel...
[M5-PREP] Loaded cached panel with shape=(59181090, 26) | stage 00:44 | total 00:44
[M5-PREP] Building fast task arrays for task=state_dept...
[M5-PREP] task=state_dept aggregate tensor build: 1/21 (  4.8%) | elapsed 01:00 | ETA 19:58
[M5-PREP] task=state_dept aggregate tensor build: 10/21 ( 47.6%) | elapsed 01:05 | ETA 01:11
[M5-PREP] task=state_dept aggregate tensor build: 21/21 (100.0%) | elapsed 01:10 | ETA 00:00
[M5-PREP] Fast task arrays ready for task=state_dept with 21 aggregates | stage 01:10 | total 01:10
[M5-PREP] task=state_dept split=final_train_samples started...
[M5-PREP] task=state_dept split=final_train_samples: 1218/1218 (100.0%) | elapsed 00:01 | ETA 00:00
[M5-PREP] task=state_dept split=final_train_samples finished with 1218 samples | stage 00:01 | total 00:01
[M5-PREP] task=state_dept split=internal_valid_samples started...
[M5-PREP] task=state_dept split=internal_valid_samples: 63/63 (100.0%) | elapsed 00:00 | ETA 00:00
[M5-PREP] task=state_dept split=internal_valid_samples finished with 63 samples | stage 00:00 | total 00:00
[M5-PREP] task=state_dept split=test_samples started...
[M5-PREP] task=state_dept split=test_samples: 84/84 (100.0%) | elapsed 00:00 | ETA 00:00
[M5-PREP] task=state_dept split=test_samples finished with 84 samples | stage 00:00 | total 00:00
====================================================================================================
M5 EXPERIMENT SUMMARY
====================================================================================================

Task: store_dept
  # aggregate units: 70
  # child sku ids:    30490
  # time points:      1941
  sampled store-SKUs: frac=1.0 seed=42
  hist features:      ['sell_price', 'price_change_ratio', 'snap_flag', 'event_flag', 'wday', 'month']
  future features:    ['sell_price', 'price_change_ratio', 'snap_flag', 'event_flag', 'wday', 'month']
  final train samples: 4060
  internal valid samples: 210
  test samples: 280

Task: store_cat
  # aggregate units: 30
  # child sku ids:    30490
  # time points:      1941
  sampled store-SKUs: frac=1.0 seed=42
  hist features:      ['sell_price', 'price_change_ratio', 'snap_flag', 'event_flag', 'wday', 'month']
  future features:    ['sell_price', 'price_change_ratio', 'snap_flag', 'event_flag', 'wday', 'month']
  final train samples: 1740
  internal valid samples: 90
  test samples: 120

Task: state_dept
  # aggregate units: 21
  # child sku ids:    30490
  # time points:      1941
  sampled store-SKUs: frac=1.0 seed=42
  hist features:      ['sell_price', 'price_change_ratio', 'snap_flag', 'event_flag', 'wday', 'month']
  future features:    ['sell_price', 'price_change_ratio', 'snap_flag', 'event_flag', 'wday', 'month']
  final train samples: 1218
  internal valid samples: 63
  test samples: 84

Cache ready at: cache/100pct
