Using cache directory: cache/100pct_rolling
Building/loading cached experiment artifacts...
[M5-PREP] Loading cached task package for task=store_dept...
[M5-PREP] Loaded cached task package for task=store_dept | stage 00:01 | total 00:01
[M5-PREP] Loading cached samples: task=store_dept split=rolling_fold_1_train_samples...
[M5-PREP] Loaded cached samples: task=store_dept split=rolling_fold_1_train_samples n=3290 | stage 00:03 | total 00:03
[M5-PREP] Loading cached samples: task=store_dept split=rolling_fold_1_valid_samples...
[M5-PREP] Loaded cached samples: task=store_dept split=rolling_fold_1_valid_samples n=280 | stage 00:00 | total 00:00
[M5-PREP] Loading cached samples: task=store_dept split=rolling_fold_2_train_samples...
[M5-PREP] Loaded cached samples: task=store_dept split=rolling_fold_2_train_samples n=3430 | stage 00:03 | total 00:03
[M5-PREP] Loading cached samples: task=store_dept split=rolling_fold_2_valid_samples...
[M5-PREP] Loaded cached samples: task=store_dept split=rolling_fold_2_valid_samples n=280 | stage 00:00 | total 00:00
[M5-PREP] Loading cached samples: task=store_dept split=rolling_fold_3_train_samples...
[M5-PREP] Loaded cached samples: task=store_dept split=rolling_fold_3_train_samples n=3570 | stage 00:03 | total 00:03
[M5-PREP] Loading cached samples: task=store_dept split=rolling_fold_3_valid_samples...
[M5-PREP] Loaded cached samples: task=store_dept split=rolling_fold_3_valid_samples n=280 | stage 00:00 | total 00:00
[M5-PREP] Loading cached samples: task=store_dept split=rolling_fold_4_train_samples...
[M5-PREP] Loaded cached samples: task=store_dept split=rolling_fold_4_train_samples n=3710 | stage 00:03 | total 00:03
[M5-PREP] Loading cached samples: task=store_dept split=rolling_fold_4_valid_samples...
[M5-PREP] Loaded cached samples: task=store_dept split=rolling_fold_4_valid_samples n=280 | stage 00:00 | total 00:00
[M5-PREP] Loading cached samples: task=store_dept split=rolling_fold_5_train_samples...
[M5-PREP] Loaded cached samples: task=store_dept split=rolling_fold_5_train_samples n=3850 | stage 00:03 | total 00:03
[M5-PREP] Loading cached samples: task=store_dept split=rolling_fold_5_valid_samples...
[M5-PREP] Loaded cached samples: task=store_dept split=rolling_fold_5_valid_samples n=280 | stage 00:00 | total 00:00
[M5-PREP] Loading cached task package for task=store_cat...
[M5-PREP] Loaded cached task package for task=store_cat | stage 00:01 | total 00:01
[M5-PREP] Loading cached samples: task=store_cat split=rolling_fold_1_train_samples...
[M5-PREP] Loaded cached samples: task=store_cat split=rolling_fold_1_train_samples n=1410 | stage 00:02 | total 00:02
[M5-PREP] Loading cached samples: task=store_cat split=rolling_fold_1_valid_samples...
[M5-PREP] Loaded cached samples: task=store_cat split=rolling_fold_1_valid_samples n=120 | stage 00:00 | total 00:00
[M5-PREP] Loading cached samples: task=store_cat split=rolling_fold_2_train_samples...
[M5-PREP] Loaded cached samples: task=store_cat split=rolling_fold_2_train_samples n=1470 | stage 00:02 | total 00:02
[M5-PREP] Loading cached samples: task=store_cat split=rolling_fold_2_valid_samples...
[M5-PREP] Loaded cached samples: task=store_cat split=rolling_fold_2_valid_samples n=120 | stage 00:00 | total 00:00
[M5-PREP] Loading cached samples: task=store_cat split=rolling_fold_3_train_samples...
[M5-PREP] Loaded cached samples: task=store_cat split=rolling_fold_3_train_samples n=1530 | stage 00:02 | total 00:02
[M5-PREP] Loading cached samples: task=store_cat split=rolling_fold_3_valid_samples...
[M5-PREP] Loaded cached samples: task=store_cat split=rolling_fold_3_valid_samples n=120 | stage 00:00 | total 00:00
[M5-PREP] Loading cached samples: task=store_cat split=rolling_fold_4_train_samples...
[M5-PREP] Loaded cached samples: task=store_cat split=rolling_fold_4_train_samples n=1590 | stage 00:02 | total 00:02
[M5-PREP] Loading cached samples: task=store_cat split=rolling_fold_4_valid_samples...
[M5-PREP] Loaded cached samples: task=store_cat split=rolling_fold_4_valid_samples n=120 | stage 00:00 | total 00:00
[M5-PREP] Loading cached samples: task=store_cat split=rolling_fold_5_train_samples...
[M5-PREP] Loaded cached samples: task=store_cat split=rolling_fold_5_train_samples n=1650 | stage 00:02 | total 00:02
[M5-PREP] Loading cached samples: task=store_cat split=rolling_fold_5_valid_samples...
[M5-PREP] Loaded cached samples: task=store_cat split=rolling_fold_5_valid_samples n=120 | stage 00:00 | total 00:00
[M5-PREP] Loading cached task package for task=state_dept...
[M5-PREP] Loaded cached task package for task=state_dept | stage 00:01 | total 00:01
[M5-PREP] Loading cached samples: task=state_dept split=rolling_fold_1_train_samples...
[M5-PREP] Loaded cached samples: task=state_dept split=rolling_fold_1_train_samples n=987 | stage 00:02 | total 00:02
[M5-PREP] Loading cached samples: task=state_dept split=rolling_fold_1_valid_samples...
[M5-PREP] Loaded cached samples: task=state_dept split=rolling_fold_1_valid_samples n=84 | stage 00:00 | total 00:00
[M5-PREP] Loading cached samples: task=state_dept split=rolling_fold_2_train_samples...
[M5-PREP] Loaded cached samples: task=state_dept split=rolling_fold_2_train_samples n=1029 | stage 00:04 | total 00:04
[M5-PREP] Loading cached samples: task=state_dept split=rolling_fold_2_valid_samples...
[M5-PREP] Loaded cached samples: task=state_dept split=rolling_fold_2_valid_samples n=84 | stage 00:00 | total 00:00
[M5-PREP] Loading cached samples: task=state_dept split=rolling_fold_3_train_samples...
[M5-PREP] Loaded cached samples: task=state_dept split=rolling_fold_3_train_samples n=1071 | stage 00:03 | total 00:03
[M5-PREP] Loading cached samples: task=state_dept split=rolling_fold_3_valid_samples...
[M5-PREP] Loaded cached samples: task=state_dept split=rolling_fold_3_valid_samples n=84 | stage 00:00 | total 00:00
[M5-PREP] Loading cached samples: task=state_dept split=rolling_fold_4_train_samples...
[M5-PREP] Loaded cached samples: task=state_dept split=rolling_fold_4_train_samples n=1113 | stage 00:06 | total 00:06
[M5-PREP] Loading cached samples: task=state_dept split=rolling_fold_4_valid_samples...
[M5-PREP] Loaded cached samples: task=state_dept split=rolling_fold_4_valid_samples n=84 | stage 00:00 | total 00:00
[M5-PREP] Loading cached samples: task=state_dept split=rolling_fold_5_train_samples...
[M5-PREP] Loaded cached samples: task=state_dept split=rolling_fold_5_train_samples n=1155 | stage 00:05 | total 00:05
[M5-PREP] Loading cached samples: task=state_dept split=rolling_fold_5_valid_samples...
[M5-PREP] Loaded cached samples: task=state_dept split=rolling_fold_5_valid_samples n=84 | stage 00:00 | total 00:00
Building benchmark suite...
Running selected benchmark models: ['Reconcilation']

=== Running task: store_dept ===

=== Running task: store_cat ===

=== Running task: state_dept ===

Point summary:
         task          model  wrmsse_mean  ...  wape_mean  wape_std  n_folds
0  state_dept  Reconcilation     0.736954  ...   0.104966  0.013388        5
1   store_cat  Reconcilation     0.729346  ...   0.107555  0.011981        5
2  store_dept  Reconcilation     0.790172  ...   0.128785  0.013558        5

[3 rows x 7 columns]

Main point table:
task           state_dept  store_cat  store_dept      Mean
model                                                     
Reconcilation    0.736954   0.729346    0.790172  0.752157

Done. Outputs written to: results/work/100pct_rolling/03_benchmark_baselines/recon
