Using cache directory: cache/10pct
Building/loading cached experiment artifacts...
[M5-PREP] Loading cached task package for task=store_dept...
[M5-PREP] Loaded cached task package for task=store_dept | stage 00:00 | total 00:00
[M5-PREP] Loading cached samples: task=store_dept split=final_train_samples...
[M5-PREP] Loaded cached samples: task=store_dept split=final_train_samples n=4060 | stage 00:00 | total 00:00
[M5-PREP] Loading cached samples: task=store_dept split=internal_valid_samples...
[M5-PREP] Loaded cached samples: task=store_dept split=internal_valid_samples n=210 | stage 00:00 | total 00:00
[M5-PREP] Loading cached samples: task=store_dept split=test_samples...
[M5-PREP] Loaded cached samples: task=store_dept split=test_samples n=280 | stage 00:00 | total 00:00
Building benchmark suite...
Running selected benchmark models: ['Reconcilation']

=== Running task: store_dept ===

Point summary:
         task          model  wrmsse_mean  ...  wape_mean  wape_std  n_folds
0  store_dept  Reconcilation     0.848773  ...   0.189385       NaN        1

[1 rows x 7 columns]

Main point table:
task           store_dept      Mean
model                              
Reconcilation    0.848773  0.848773

Done. Outputs written to: results/work/10pct/03_benchmark_baselines/recon
